kotlin version: 2.3.21
error message: The daemon has terminated unexpectedly on startup attempt #1 with exit code: 1. The daemon process output:
    1. #
    2. # There is insufficient memory for the Java Runtime Environment to continue.
    3. # Native memory allocation (mmap) failed to map 65536 bytes. Error detail: Failed to commit metaspace.
    4. # An error report file with more information is saved as:
    5. # C:\Users\owner\AppData\Local\kotlin\daemon\hs_err_pid5116.log
    6. [0.302s][warning][os] Loading hsdis library failed
The daemon didn't produce the message "Kotlin compile daemon is ready" during startup.

error message: The daemon has terminated unexpectedly on startup attempt #2 with exit code: 1. The daemon process output:
    1. #
    2. # There is insufficient memory for the Java Runtime Environment to continue.
    3. # Native memory allocation (mmap) failed to map 65536 bytes. Error detail: Failed to commit metaspace.
    4. # An error report file with more information is saved as:
    5. # C:\Users\owner\AppData\Local\kotlin\daemon\hs_err_pid16808.log
Problems may have occurred during auto-selection of GC. The preferred GC is Parallel GC.
If the problems persist, try adding the JVM option to the Kotlin daemon JVM arguments: -XX:-UseParallelGC.
GC auto-selection logic is disabled temporary for the next daemon startup.
The daemon didn't produce the message "Kotlin compile daemon is ready" during startup.

error message: Failed connecting to the daemon in 4 retries

